6
4
10
0
0
0
60
54
1034
969
999
1
5555
0
6
4
6
4
6
4
